primary_license:
declared_license:
license_expression: pcre AND bsd-new AND public-domain AND bsd-new AND bsd-new
declared_license_expression_spdx: LicenseRef-scancode-pcre AND BSD-3-Clause AND LicenseRef-scancode-public-domain
  AND BSD-3-Clause AND BSD-3-Clause
copyright: |
  Copyright (c) 1997-2015 University of Cambridge
  Copyright (c) 2010-2015 Zoltan Herczeg
  Copyright (c) 2009-2015 Zoltan Herczeg
license_detections:
  - license_expression: pcre
    detection_rules:
      - not-combined
    matches:
      - score: '100.0'
        start_line: 3
        end_line: 5
        matched_length: 12
        match_coverage: '100.0'
        matcher: 2-aho
        license_expression: pcre
        licensedb_identifier: pcre_7.RULE
        referenced_filenames: []
        is_license_text: no
        is_license_notice: no
        is_license_reference: yes
        is_license_tag: no
        is_license_intro: no
        rule_length: 12
        rule_relevance: 100
        matched_text: |
          ftp://ftp.csx.cam.ac.uk/pub/software/programming/pcre/

          PCRE2 LICENCE
        licenses:
          - key: pcre
            name: PCRE License
            short_name: PCRE License
            category: Permissive
            is_exception: no
            is_unknown: no
            owner: University of Cambridge
            homepage_url: http://www.pcre.org/licence.txt
            text_url: http://www.pcre.org/licence.txt
            reference_url: https://scancode-licensedb.aboutcode.org/pcre
            scancode_text_url: https://github.com/nexB/scancode-toolkit/tree/develop/src/licensedcode/data/licenses/pcre.LICENSE
            scancode_data_url: https://github.com/nexB/scancode-toolkit/tree/develop/src/licensedcode/data/licenses/pcre.yml
            spdx_license_key: LicenseRef-scancode-pcre
            spdx_url: https://github.com/nexB/scancode-toolkit/tree/develop/src/licensedcode/data/licenses/pcre.LICENSE
  - license_expression: bsd-new AND public-domain
    detection_rules:
      - not-combined
    matches:
      - score: '100.0'
        start_line: 11
        end_line: 11
        matched_length: 8
        match_coverage: '100.0'
        matcher: 2-aho
        license_expression: bsd-new
        licensedb_identifier: bsd-new_398.RULE
        referenced_filenames: []
        is_license_text: no
        is_license_notice: yes
        is_license_reference: no
        is_license_tag: no
        is_license_intro: no
        rule_length: 8
        rule_relevance: 100
        matched_text: Release 10 of PCRE2 is distributed under the terms of the "BSD" licence,
          as
        licenses:
          - key: bsd-new
            name: BSD-3-Clause
            short_name: BSD-3-Clause
            category: Permissive
            is_exception: no
            is_unknown: no
            owner: Regents of the University of California
            homepage_url: http://www.opensource.org/licenses/BSD-3-Clause
            text_url: http://www.opensource.org/licenses/BSD-3-Clause
            reference_url: https://scancode-licensedb.aboutcode.org/bsd-new
            scancode_text_url: https://github.com/nexB/scancode-toolkit/tree/develop/src/licensedcode/data/licenses/bsd-new.LICENSE
            scancode_data_url: https://github.com/nexB/scancode-toolkit/tree/develop/src/licensedcode/data/licenses/bsd-new.yml
            spdx_license_key: BSD-3-Clause
            spdx_url: https://spdx.org/licenses/BSD-3-Clause
      - score: '100.0'
        start_line: 14
        end_line: 14
        matched_length: 8
        match_coverage: '100.0'
        matcher: 2-aho
        license_expression: public-domain
        licensedb_identifier: public-domain_328.RULE
        referenced_filenames: []
        is_license_text: yes
        is_license_notice: no
        is_license_reference: no
        is_license_tag: no
        is_license_intro: no
        rule_length: 8
        rule_relevance: 100
        matched_text: in the testdata directory is not copyrighted and is in the public domain.
        licenses:
          - key: public-domain
            name: Public Domain
            short_name: Public Domain
            category: Public Domain
            is_exception: no
            is_unknown: no
            owner: Unspecified
            homepage_url: http://www.linfo.org/publicdomain.html
            text_url:
            reference_url: https://scancode-licensedb.aboutcode.org/public-domain
            scancode_text_url: https://github.com/nexB/scancode-toolkit/tree/develop/src/licensedcode/data/licenses/public-domain.LICENSE
            scancode_data_url: https://github.com/nexB/scancode-toolkit/tree/develop/src/licensedcode/data/licenses/public-domain.yml
            spdx_license_key: LicenseRef-scancode-public-domain
            spdx_url: https://github.com/nexB/scancode-toolkit/tree/develop/src/licensedcode/data/licenses/public-domain.LICENSE
  - license_expression: bsd-new
    detection_rules:
      - not-combined
    matches:
      - score: '99.0'
        start_line: 58
        end_line: 58
        matched_length: 3
        match_coverage: '100.0'
        matcher: 2-aho
        license_expression: bsd-new
        licensedb_identifier: bsd-new_898.RULE
        referenced_filenames: []
        is_license_text: no
        is_license_notice: no
        is_license_reference: yes
        is_license_tag: no
        is_license_intro: no
        rule_length: 3
        rule_relevance: 99
        matched_text: THE "BSD" LICENCE
        licenses:
          - key: bsd-new
            name: BSD-3-Clause
            short_name: BSD-3-Clause
            category: Permissive
            is_exception: no
            is_unknown: no
            owner: Regents of the University of California
            homepage_url: http://www.opensource.org/licenses/BSD-3-Clause
            text_url: http://www.opensource.org/licenses/BSD-3-Clause
            reference_url: https://scancode-licensedb.aboutcode.org/bsd-new
            scancode_text_url: https://github.com/nexB/scancode-toolkit/tree/develop/src/licensedcode/data/licenses/bsd-new.LICENSE
            scancode_data_url: https://github.com/nexB/scancode-toolkit/tree/develop/src/licensedcode/data/licenses/bsd-new.yml
            spdx_license_key: BSD-3-Clause
            spdx_url: https://spdx.org/licenses/BSD-3-Clause
      - score: '100.0'
        start_line: 61
        end_line: 85
        matched_length: 214
        match_coverage: '100.0'
        matcher: 2-aho
        license_expression: bsd-new
        licensedb_identifier: bsd-new_1064.RULE
        referenced_filenames: []
        is_license_text: yes
        is_license_notice: no
        is_license_reference: no
        is_license_tag: no
        is_license_intro: no
        rule_length: 214
        rule_relevance: 100
        matched_text: |
          Redistribution and use in source and binary forms, with or without
          modification, are permitted provided that the following conditions are met:

              * Redistributions of source code must retain the above copyright notice,
                this list of conditions and the following disclaimer.

              * Redistributions in binary form must reproduce the above copyright
                notice, this list of conditions and the following disclaimer in the
                documentation and/or other materials provided with the distribution.

              * Neither the name of the University of Cambridge nor the names of any
                contributors may be used to endorse or promote products derived from this
                software without specific prior written permission.

          THIS SOFTWARE IS PROVIDED BY THE COPYRIGHT HOLDERS AND CONTRIBUTORS "AS IS"
          AND ANY EXPRESS OR IMPLIED WARRANTIES, INCLUDING, BUT NOT LIMITED TO, THE
          IMPLIED WARRANTIES OF MERCHANTABILITY AND FITNESS FOR A PARTICULAR PURPOSE
          ARE DISCLAIMED. IN NO EVENT SHALL THE COPYRIGHT OWNER OR CONTRIBUTORS BE
          LIABLE FOR ANY DIRECT, INDIRECT, INCIDENTAL, SPECIAL, EXEMPLARY, OR
          CONSEQUENTIAL DAMAGES (INCLUDING, BUT NOT LIMITED TO, PROCUREMENT OF
          SUBSTITUTE GOODS OR SERVICES; LOSS OF USE, DATA, OR PROFITS; OR BUSINESS
          INTERRUPTION) HOWEVER CAUSED AND ON ANY THEORY OF LIABILITY, WHETHER IN
          CONTRACT, STRICT LIABILITY, OR TORT (INCLUDING NEGLIGENCE OR OTHERWISE)
          ARISING IN ANY WAY OUT OF THE USE OF THIS SOFTWARE, EVEN IF ADVISED OF THE
          POSSIBILITY OF SUCH DAMAGE.
        licenses:
          - key: bsd-new
            name: BSD-3-Clause
            short_name: BSD-3-Clause
            category: Permissive
            is_exception: no
            is_unknown: no
            owner: Regents of the University of California
            homepage_url: http://www.opensource.org/licenses/BSD-3-Clause
            text_url: http://www.opensource.org/licenses/BSD-3-Clause
            reference_url: https://scancode-licensedb.aboutcode.org/bsd-new
            scancode_text_url: https://github.com/nexB/scancode-toolkit/tree/develop/src/licensedcode/data/licenses/bsd-new.LICENSE
            scancode_data_url: https://github.com/nexB/scancode-toolkit/tree/develop/src/licensedcode/data/licenses/bsd-new.yml
            spdx_license_key: BSD-3-Clause
            spdx_url: https://spdx.org/licenses/BSD-3-Clause
