[
  {
    "type": "npm",
    "namespace": null,
    "name": "npm2aur",
    "version": "0.1.3",
    "qualifiers": {},
    "subpath": null,
    "primary_language": "JavaScript",
    "description": "Sync AUR with NPM packages",
    "release_date": null,
    "parties": [
      {
        "type": "person",
        "role": "author",
        "name": "Filirom1",
        "email": "filirom1@gmail.com",
        "url": null
      }
    ],
    "keywords": [],
    "homepage_url": null,
    "download_url": "https://registry.npmjs.org/npm2aur/-/npm2aur-0.1.3.tgz",
    "size": null,
    "sha1": null,
    "md5": null,
    "sha256": null,
    "sha512": null,
    "bug_tracking_url": null,
    "code_view_url": null,
    "vcs_url": "git+https://github.com/Filirom1/npm2aur.git",
    "copyright": null,
    "declared_license_expression": "mit",
    "declared_license_expression_spdx": "MIT",
    "license_detections": [
      {
        "license_expression": "mit",
        "detection_rules": [
          "not-combined"
        ],
        "matches": [
          {
            "score": 100.0,
            "start_line": 1,
            "end_line": 1,
            "matched_length": 1,
            "match_coverage": 100.0,
            "matcher": "1-spdx-id",
            "license_expression": "mit",
            "licensedb_identifier": "spdx-license-identifier: mit",
            "referenced_filenames": [],
            "is_license_text": false,
            "is_license_notice": false,
            "is_license_reference": false,
            "is_license_tag": true,
            "is_license_intro": false,
            "rule_length": 1,
            "rule_relevance": 100,
            "matched_text": "MIT",
            "licenses": [
              {
                "key": "mit",
                "name": "MIT License",
                "short_name": "MIT License",
                "category": "Permissive",
                "is_exception": false,
                "is_unknown": false,
                "owner": "MIT",
                "homepage_url": "http://opensource.org/licenses/mit-license.php",
                "text_url": "http://opensource.org/licenses/mit-license.php",
                "reference_url": "https://scancode-licensedb.aboutcode.org/mit",
                "scancode_text_url": "https://github.com/nexB/scancode-toolkit/tree/develop/src/licensedcode/data/licenses/mit.LICENSE",
                "scancode_data_url": "https://github.com/nexB/scancode-toolkit/tree/develop/src/licensedcode/data/licenses/mit.yml",
                "spdx_license_key": "MIT",
                "spdx_url": "https://spdx.org/licenses/MIT"
              }
            ]
          }
        ]
      },
      {
        "license_expression": "mit",
        "detection_rules": [
          "not-combined"
        ],
        "matches": [
          {
            "score": 100.0,
            "start_line": 1,
            "end_line": 1,
            "matched_length": 6,
            "match_coverage": 100.0,
            "matcher": "1-hash",
            "license_expression": "mit",
            "licensedb_identifier": "mit_13.RULE",
            "referenced_filenames": [],
            "is_license_text": false,
            "is_license_notice": false,
            "is_license_reference": true,
            "is_license_tag": false,
            "is_license_intro": false,
            "rule_length": 6,
            "rule_relevance": 100,
            "matched_text": "http://www.opensource.org/licenses/MIT",
            "licenses": [
              {
                "key": "mit",
                "name": "MIT License",
                "short_name": "MIT License",
                "category": "Permissive",
                "is_exception": false,
                "is_unknown": false,
                "owner": "MIT",
                "homepage_url": "http://opensource.org/licenses/mit-license.php",
                "text_url": "http://opensource.org/licenses/mit-license.php",
                "reference_url": "https://scancode-licensedb.aboutcode.org/mit",
                "scancode_text_url": "https://github.com/nexB/scancode-toolkit/tree/develop/src/licensedcode/data/licenses/mit.LICENSE",
                "scancode_data_url": "https://github.com/nexB/scancode-toolkit/tree/develop/src/licensedcode/data/licenses/mit.yml",
                "spdx_license_key": "MIT",
                "spdx_url": "https://spdx.org/licenses/MIT"
              }
            ]
          }
        ]
      }
    ],
    "extracted_license_statement": "[{'type': 'MIT', 'url': 'http://www.opensource.org/licenses/MIT'}]",
    "notice_text": null,
    "source_packages": [],
    "file_references": [],
    "extra_data": {},
    "dependencies": [
      {
        "purl": "pkg:npm/optimist",
        "extracted_requirement": "0.2.x",
        "scope": "dependencies",
        "is_runtime": true,
        "is_optional": false,
        "is_resolved": false,
        "resolved_package": {}
      },
      {
        "purl": "pkg:npm/colors",
        "extracted_requirement": "0.5.x",
        "scope": "dependencies",
        "is_runtime": true,
        "is_optional": false,
        "is_resolved": false,
        "resolved_package": {}
      },
      {
        "purl": "pkg:npm/coffee-script",
        "extracted_requirement": "~1.3.3",
        "scope": "dependencies",
        "is_runtime": true,
        "is_optional": false,
        "is_resolved": false,
        "resolved_package": {}
      },
      {
        "purl": "pkg:npm/underscore",
        "extracted_requirement": "~1.3.3",
        "scope": "dependencies",
        "is_runtime": true,
        "is_optional": false,
        "is_resolved": false,
        "resolved_package": {}
      },
      {
        "purl": "pkg:npm/npm",
        "extracted_requirement": "~1.1.32",
        "scope": "dependencies",
        "is_runtime": true,
        "is_optional": false,
        "is_resolved": false,
        "resolved_package": {}
      },
      {
        "purl": "pkg:npm/npm2arch",
        "extracted_requirement": "~0.1.10",
        "scope": "dependencies",
        "is_runtime": true,
        "is_optional": false,
        "is_resolved": false,
        "resolved_package": {}
      },
      {
        "purl": "pkg:npm/aur",
        "extracted_requirement": "~0.1.2",
        "scope": "dependencies",
        "is_runtime": true,
        "is_optional": false,
        "is_resolved": false,
        "resolved_package": {}
      }
    ],
    "repository_homepage_url": "https://www.npmjs.com/package/npm2aur",
    "repository_download_url": "https://registry.npmjs.org/npm2aur/-/npm2aur-0.1.3.tgz",
    "api_data_url": "https://registry.npmjs.org/npm2aur/0.1.3",
    "datasource_id": "npm_package_json",
    "purl": "pkg:npm/npm2aur@0.1.3"
  }
]