[
  {
    "type": "haxe",
    "namespace": null,
    "name": "tink_core",
    "version": "1.18.0",
    "qualifiers": {},
    "subpath": null,
    "primary_language": "Haxe",
    "description": "Tinkerbell Core",
    "release_date": null,
    "parties": [
      {
        "type": "person",
        "role": "contributor",
        "name": "back2dos",
        "email": null,
        "url": "https://lib.haxe.org/u/back2dos"
      }
    ],
    "keywords": [
      "tink",
      "cross",
      "utility",
      "reactive",
      "functional",
      "async",
      "lazy",
      "signal",
      "event"
    ],
    "homepage_url": "http://haxetink.org/tink_core",
    "download_url": "https://lib.haxe.org/p/tink_core/1.18.0/download/",
    "size": null,
    "sha1": null,
    "md5": null,
    "sha256": null,
    "sha512": null,
    "bug_tracking_url": null,
    "code_view_url": null,
    "vcs_url": null,
    "copyright": null,
    "declared_license_expression": "mit",
    "declared_license_expression_spdx": "MIT",
    "license_detections": [
      {
        "license_expression": "mit",
        "detection_rules": [
          "not-combined"
        ],
        "matches": [
          {
            "score": 100.0,
            "start_line": 1,
            "end_line": 1,
            "matched_length": 1,
            "match_coverage": 100.0,
            "matcher": "1-spdx-id",
            "license_expression": "mit",
            "licensedb_identifier": "spdx-license-identifier: mit",
            "referenced_filenames": [],
            "is_license_text": false,
            "is_license_notice": false,
            "is_license_reference": false,
            "is_license_tag": true,
            "is_license_intro": false,
            "rule_length": 1,
            "rule_relevance": 100,
            "matched_text": "MIT",
            "licenses": [
              {
                "key": "mit",
                "name": "MIT License",
                "short_name": "MIT License",
                "category": "Permissive",
                "is_exception": false,
                "is_unknown": false,
                "owner": "MIT",
                "homepage_url": "http://opensource.org/licenses/mit-license.php",
                "text_url": "http://opensource.org/licenses/mit-license.php",
                "reference_url": "https://scancode-licensedb.aboutcode.org/mit",
                "scancode_text_url": "https://github.com/nexB/scancode-toolkit/tree/develop/src/licensedcode/data/licenses/mit.LICENSE",
                "scancode_data_url": "https://github.com/nexB/scancode-toolkit/tree/develop/src/licensedcode/data/licenses/mit.yml",
                "spdx_license_key": "MIT",
                "spdx_url": "https://spdx.org/licenses/MIT"
              }
            ]
          }
        ]
      }
    ],
    "extracted_license_statement": "MIT",
    "notice_text": null,
    "source_packages": [],
    "file_references": [],
    "extra_data": {},
    "dependencies": [],
    "repository_homepage_url": "https://lib.haxe.org/p/tink_core",
    "repository_download_url": "https://lib.haxe.org/p/tink_core/1.18.0/download/",
    "api_data_url": null,
    "datasource_id": "haxelib_json",
    "purl": "pkg:haxe/tink_core@1.18.0"
  }
]