[
  {
    "type": "npm",
    "namespace": null,
    "name": "mime",
    "version": "1.3.4",
    "qualifiers": {},
    "subpath": null,
    "primary_language": "JavaScript",
    "description": "A comprehensive library for mime-type mapping",
    "release_date": null,
    "parties": [
      {
        "type": "person",
        "role": "author",
        "name": "Robert Kieffer",
        "email": "robert@broofa.com",
        "url": "http://github.com/broofa"
      },
      {
        "type": "person",
        "role": "contributor",
        "name": "Benjamin Thomas",
        "email": "benjamin@benjaminthomas.org",
        "url": "http://github.com/bentomas"
      }
    ],
    "keywords": [
      "util",
      "mime"
    ],
    "homepage_url": null,
    "download_url": "https://registry.npmjs.org/mime/-/mime-1.3.4.tgz",
    "size": null,
    "sha1": null,
    "md5": null,
    "sha256": null,
    "sha512": null,
    "bug_tracking_url": null,
    "code_view_url": null,
    "vcs_url": "git+https://github.com/broofa/node-mime",
    "copyright": null,
    "declared_license_expression": "mit",
    "declared_license_expression_spdx": "MIT",
    "license_detections": [
      {
        "license_expression": "mit",
        "detection_rules": [
          "not-combined"
        ],
        "matches": [
          {
            "score": 100.0,
            "start_line": 1,
            "end_line": 1,
            "matched_length": 1,
            "match_coverage": 100.0,
            "matcher": "1-spdx-id",
            "license_expression": "mit",
            "licensedb_identifier": "spdx-license-identifier: mit",
            "referenced_filenames": [],
            "is_license_text": false,
            "is_license_notice": false,
            "is_license_reference": false,
            "is_license_tag": true,
            "is_license_intro": false,
            "rule_length": 1,
            "rule_relevance": 100,
            "matched_text": "MIT",
            "licenses": [
              {
                "key": "mit",
                "name": "MIT License",
                "short_name": "MIT License",
                "category": "Permissive",
                "is_exception": false,
                "is_unknown": false,
                "owner": "MIT",
                "homepage_url": "http://opensource.org/licenses/mit-license.php",
                "text_url": "http://opensource.org/licenses/mit-license.php",
                "reference_url": "https://scancode-licensedb.aboutcode.org/mit",
                "scancode_text_url": "https://github.com/nexB/scancode-toolkit/tree/develop/src/licensedcode/data/licenses/mit.LICENSE",
                "scancode_data_url": "https://github.com/nexB/scancode-toolkit/tree/develop/src/licensedcode/data/licenses/mit.yml",
                "spdx_license_key": "MIT",
                "spdx_url": "https://spdx.org/licenses/MIT"
              }
            ]
          }
        ]
      }
    ],
    "extracted_license_statement": "[{'type': 'MIT', 'url': 'https://raw.github.com/broofa/node-mime/master/LICENSE'}]",
    "notice_text": null,
    "source_packages": [],
    "file_references": [],
    "extra_data": {},
    "dependencies": [
      {
        "purl": "pkg:npm/mime-db",
        "extracted_requirement": "^1.2.0",
        "scope": "devDependencies",
        "is_runtime": false,
        "is_optional": true,
        "is_resolved": false,
        "resolved_package": {}
      }
    ],
    "repository_homepage_url": "https://www.npmjs.com/package/mime",
    "repository_download_url": "https://registry.npmjs.org/mime/-/mime-1.3.4.tgz",
    "api_data_url": "https://registry.npmjs.org/mime/1.3.4",
    "datasource_id": "npm_package_json",
    "purl": "pkg:npm/mime@1.3.4"
  }
]