[
  {
    "type": "readme",
    "namespace": null,
    "name": "setuptools",
    "version": "18.5",
    "qualifiers": {},
    "subpath": null,
    "primary_language": null,
    "description": null,
    "release_date": null,
    "parties": [],
    "keywords": [],
    "homepage_url": "https://pypi.python.org/packages/source/s/setuptools/setuptools-18.5.tar.gz#md5=533c868f01169a3085177dffe5e768bb",
    "download_url": null,
    "size": null,
    "sha1": null,
    "md5": null,
    "sha256": null,
    "sha512": null,
    "bug_tracking_url": null,
    "code_view_url": null,
    "vcs_url": null,
    "copyright": null,
    "declared_license_expression": "undetected-license",
    "declared_license_expression_spdx": "LicenseRef-scancode-undetected-license",
    "license_detections": [
      {
        "license_expression": "undetected-license",
        "detection_rules": [
          "undetected-license"
        ],
        "matches": [
          {
            "score": 100.0,
            "start_line": 1,
            "end_line": 1,
            "matched_length": 3,
            "match_coverage": 100.0,
            "matcher": "5-undetected",
            "license_expression": "undetected-license",
            "licensedb_identifier": "package-manifest-undetected-license",
            "referenced_filenames": [],
            "is_license_text": false,
            "is_license_notice": false,
            "is_license_reference": false,
            "is_license_tag": true,
            "is_license_intro": false,
            "rule_length": 3,
            "rule_relevance": 100,
            "matched_text": "PSF or ZPL",
            "licenses": [
              {
                "key": "undetected-license",
                "name": "Undetected License",
                "short_name": "Undetected License",
                "category": "Unstated License",
                "is_exception": false,
                "is_unknown": true,
                "owner": "Unspecified",
                "homepage_url": null,
                "text_url": "",
                "reference_url": "https://scancode-licensedb.aboutcode.org/undetected-license",
                "scancode_text_url": "https://github.com/nexB/scancode-toolkit/tree/develop/src/licensedcode/data/licenses/undetected-license.LICENSE",
                "scancode_data_url": "https://github.com/nexB/scancode-toolkit/tree/develop/src/licensedcode/data/licenses/undetected-license.yml",
                "spdx_license_key": "LicenseRef-scancode-undetected-license",
                "spdx_url": "https://github.com/nexB/scancode-toolkit/tree/develop/src/licensedcode/data/licenses/undetected-license.LICENSE"
              }
            ]
          }
        ]
      }
    ],
    "extracted_license_statement": "PSF or ZPL",
    "notice_text": null,
    "source_packages": [],
    "file_references": [],
    "extra_data": {},
    "dependencies": [],
    "repository_homepage_url": null,
    "repository_download_url": null,
    "api_data_url": null,
    "datasource_id": "readme",
    "purl": "pkg:readme/setuptools@18.5"
  }
]