[
  {
    "type": "pods",
    "namespace": null,
    "name": "FirebaseAnalytics",
    "version": "8.1.1",
    "qualifiers": {},
    "subpath": null,
    "primary_language": "Objective-C",
    "description": "Firebase Analytics for iOS. Firebase Analytics is a free, out-of-the-box analytics solution that inspires actionable insights based on app usage and user engagement.",
    "release_date": null,
    "parties": [
      {
        "type": "organization",
        "role": "owner",
        "name": "Google, Inc.",
        "email": null,
        "url": null
      }
    ],
    "keywords": [],
    "homepage_url": "https://firebase.google.com/features/analytics/",
    "download_url": "https://dl.google.com/firebase/ios/analytics/19ed8dba01e90708/FirebaseAnalytics-8.1.1.tar.gz",
    "size": null,
    "sha1": null,
    "md5": null,
    "sha256": null,
    "sha512": null,
    "bug_tracking_url": null,
    "code_view_url": null,
    "vcs_url": null,
    "copyright": null,
    "declared_license_expression": "undetected-license",
    "declared_license_expression_spdx": "LicenseRef-scancode-undetected-license",
    "license_detections": [
      {
        "license_expression": "undetected-license",
        "detection_rules": [
          "undetected-license"
        ],
        "matches": [
          {
            "score": 100.0,
            "start_line": 1,
            "end_line": 1,
            "matched_length": 4,
            "match_coverage": 100.0,
            "matcher": "5-undetected",
            "license_expression": "undetected-license",
            "licensedb_identifier": "package-manifest-undetected-license",
            "referenced_filenames": [],
            "is_license_text": false,
            "is_license_notice": false,
            "is_license_reference": false,
            "is_license_tag": true,
            "is_license_intro": false,
            "rule_length": 4,
            "rule_relevance": 100,
            "matched_text": "Copyright 2021 Google Copyright",
            "licenses": [
              {
                "key": "undetected-license",
                "name": "Undetected License",
                "short_name": "Undetected License",
                "category": "Unstated License",
                "is_exception": false,
                "is_unknown": true,
                "owner": "Unspecified",
                "homepage_url": null,
                "text_url": "",
                "reference_url": "https://scancode-licensedb.aboutcode.org/undetected-license",
                "scancode_text_url": "https://github.com/nexB/scancode-toolkit/tree/develop/src/licensedcode/data/licenses/undetected-license.LICENSE",
                "scancode_data_url": "https://github.com/nexB/scancode-toolkit/tree/develop/src/licensedcode/data/licenses/undetected-license.yml",
                "spdx_license_key": "LicenseRef-scancode-undetected-license",
                "spdx_url": "https://github.com/nexB/scancode-toolkit/tree/develop/src/licensedcode/data/licenses/undetected-license.LICENSE"
              }
            ]
          }
        ]
      }
    ],
    "extracted_license_statement": "Copyright 2021 Google Copyright",
    "notice_text": null,
    "source_packages": [],
    "file_references": [],
    "extra_data": {},
    "dependencies": [],
    "repository_homepage_url": "https://cocoapods.org/pods/FirebaseAnalytics",
    "repository_download_url": "https://firebase.google.com/features/analytics//archive/8.1.1.zip",
    "api_data_url": "https://raw.githubusercontent.com/CocoaPods/Specs/blob/master/Specs/e/2/1/FirebaseAnalytics/8.1.1/FirebaseAnalytics.podspec.json",
    "datasource_id": "cocoapods_podspec_json",
    "purl": "pkg:pods/FirebaseAnalytics@8.1.1"
  }
]