[
  {
    "type": "pods",
    "namespace": null,
    "name": "flutter_paytabs_bridge",
    "version": "2.2.5",
    "qualifiers": {},
    "subpath": null,
    "primary_language": "Objective-C",
    "description": "A new flutter plugin project.",
    "release_date": null,
    "parties": [
      {
        "type": "person",
        "role": "author",
        "name": "Your Company ",
        "email": "email@example.com",
        "url": null
      }
    ],
    "keywords": [],
    "homepage_url": "http://example.com",
    "download_url": null,
    "size": null,
    "sha1": null,
    "md5": null,
    "sha256": null,
    "sha512": null,
    "bug_tracking_url": "./issues/",
    "code_view_url": "./tree/2.2.5",
    "vcs_url": ".",
    "copyright": null,
    "declared_license_expression": "undetected-license",
    "declared_license_expression_spdx": "LicenseRef-scancode-undetected-license",
    "license_detections": [
      {
        "license_expression": "undetected-license",
        "detection_rules": [
          "undetected-license"
        ],
        "matches": [
          {
            "score": 100.0,
            "start_line": 1,
            "end_line": 1,
            "matched_length": 2,
            "match_coverage": 100.0,
            "matcher": "5-undetected",
            "license_expression": "undetected-license",
            "licensedb_identifier": "package-manifest-undetected-license",
            "referenced_filenames": [],
            "is_license_text": false,
            "is_license_notice": false,
            "is_license_reference": false,
            "is_license_tag": true,
            "is_license_intro": false,
            "rule_length": 2,
            "rule_relevance": 100,
            "matched_text": ":file = ../LICENSE",
            "licenses": [
              {
                "key": "undetected-license",
                "name": "Undetected License",
                "short_name": "Undetected License",
                "category": "Unstated License",
                "is_exception": false,
                "is_unknown": true,
                "owner": "Unspecified",
                "homepage_url": null,
                "text_url": "",
                "reference_url": "https://scancode-licensedb.aboutcode.org/undetected-license",
                "scancode_text_url": "https://github.com/nexB/scancode-toolkit/tree/develop/src/licensedcode/data/licenses/undetected-license.LICENSE",
                "scancode_data_url": "https://github.com/nexB/scancode-toolkit/tree/develop/src/licensedcode/data/licenses/undetected-license.yml",
                "spdx_license_key": "LicenseRef-scancode-undetected-license",
                "spdx_url": "https://github.com/nexB/scancode-toolkit/tree/develop/src/licensedcode/data/licenses/undetected-license.LICENSE"
              }
            ]
          }
        ]
      }
    ],
    "extracted_license_statement": ":file = ../LICENSE",
    "notice_text": null,
    "source_packages": [],
    "file_references": [],
    "extra_data": {},
    "dependencies": [],
    "repository_homepage_url": "https://cocoapods.org/pods/flutter_paytabs_bridge",
    "repository_download_url": "./archive/refs/tags/2.2.5.zip",
    "api_data_url": "https://raw.githubusercontent.com/CocoaPods/Specs/blob/master/Specs/5/1/4/flutter_paytabs_bridge/2.2.5/flutter_paytabs_bridge.podspec.json",
    "datasource_id": "cocoapods_podspec",
    "purl": "pkg:pods/flutter_paytabs_bridge@2.2.5"
  }
]