[
  {
    "type": "pods",
    "namespace": null,
    "name": "kmmWebSocket",
    "version": "1.0.1",
    "qualifiers": {},
    "subpath": null,
    "primary_language": "Objective-C",
    "description": "A Kotlin Multiplatform WebSocket Library",
    "release_date": null,
    "parties": [
      {
        "type": "person",
        "role": "author",
        "name": "Ahmed Ibrahim",
        "email": null,
        "url": null
      }
    ],
    "keywords": [],
    "homepage_url": "https://www.cocoapods.org",
    "download_url": null,
    "size": null,
    "sha1": null,
    "md5": null,
    "sha256": null,
    "sha512": null,
    "bug_tracking_url": "Not Published/issues/",
    "code_view_url": "Not Published/tree/1.0.1",
    "vcs_url": "Not Published",
    "copyright": null,
    "declared_license_expression": "mit",
    "declared_license_expression_spdx": "MIT",
    "license_detections": [
      {
        "license_expression": "mit",
        "detection_rules": [
          "not-combined"
        ],
        "matches": [
          {
            "score": 90.0,
            "start_line": 1,
            "end_line": 1,
            "matched_length": 2,
            "match_coverage": 100.0,
            "matcher": "2-aho",
            "license_expression": "mit",
            "licensedb_identifier": "mit_273.RULE",
            "referenced_filenames": [],
            "is_license_text": false,
            "is_license_notice": false,
            "is_license_reference": false,
            "is_license_tag": true,
            "is_license_intro": false,
            "rule_length": 2,
            "rule_relevance": 90,
            "matched_text": ":type = MIT, :file = LICENSE",
            "licenses": [
              {
                "key": "mit",
                "name": "MIT License",
                "short_name": "MIT License",
                "category": "Permissive",
                "is_exception": false,
                "is_unknown": false,
                "owner": "MIT",
                "homepage_url": "http://opensource.org/licenses/mit-license.php",
                "text_url": "http://opensource.org/licenses/mit-license.php",
                "reference_url": "https://scancode-licensedb.aboutcode.org/mit",
                "scancode_text_url": "https://github.com/nexB/scancode-toolkit/tree/develop/src/licensedcode/data/licenses/mit.LICENSE",
                "scancode_data_url": "https://github.com/nexB/scancode-toolkit/tree/develop/src/licensedcode/data/licenses/mit.yml",
                "spdx_license_key": "MIT",
                "spdx_url": "https://spdx.org/licenses/MIT"
              }
            ]
          }
        ]
      }
    ],
    "extracted_license_statement": ":type = MIT, :file = LICENSE",
    "notice_text": null,
    "source_packages": [],
    "file_references": [],
    "extra_data": {},
    "dependencies": [],
    "repository_homepage_url": "https://cocoapods.org/pods/kmmWebSocket",
    "repository_download_url": "Not Published/archive/refs/tags/1.0.1.zip",
    "api_data_url": "https://raw.githubusercontent.com/CocoaPods/Specs/blob/master/Specs/2/3/c/kmmWebSocket/1.0.1/kmmWebSocket.podspec.json",
    "datasource_id": "cocoapods_podspec",
    "purl": "pkg:pods/kmmWebSocket@1.0.1"
  }
]