[
  {
    "type": "pods",
    "namespace": null,
    "name": "LoadingShimmer",
    "version": "1.0.3",
    "qualifiers": {},
    "subpath": null,
    "primary_language": "Objective-C",
    "description": "An easy way to add a shimmering effect to any view with just one line of code. It is useful as an unobtrusive loading indicator.\nAn easy way to add a shimmering effect to any view with just single line of code. It is useful as an unobtrusive loading indicator. This is a network request waiting for the framework, the framework to increase the dynamic effect, convenient and fast, a line of code can be used.",
    "release_date": null,
    "parties": [
      {
        "type": "person",
        "role": "author",
        "name": "jogendra ",
        "email": "jogendrafx@gmail.com",
        "url": null
      }
    ],
    "keywords": [],
    "homepage_url": "https://github.com/jogendra/LoadingShimmer",
    "download_url": null,
    "size": null,
    "sha1": null,
    "md5": null,
    "sha256": null,
    "sha512": null,
    "bug_tracking_url": "https://github.com/jogendra/LoadingShimmer/issues/",
    "code_view_url": "https://github.com/jogendra/LoadingShimmer/tree/1.0.3",
    "vcs_url": "https://github.com/jogendra/LoadingShimmer.git",
    "copyright": null,
    "declared_license_expression": "mit",
    "declared_license_expression_spdx": "MIT",
    "license_detections": [
      {
        "license_expression": "mit",
        "detection_rules": [
          "not-combined"
        ],
        "matches": [
          {
            "score": 90.0,
            "start_line": 1,
            "end_line": 1,
            "matched_length": 2,
            "match_coverage": 100.0,
            "matcher": "2-aho",
            "license_expression": "mit",
            "licensedb_identifier": "mit_273.RULE",
            "referenced_filenames": [],
            "is_license_text": false,
            "is_license_notice": false,
            "is_license_reference": false,
            "is_license_tag": true,
            "is_license_intro": false,
            "rule_length": 2,
            "rule_relevance": 90,
            "matched_text": ":type = MIT, :file = LICENSE",
            "licenses": [
              {
                "key": "mit",
                "name": "MIT License",
                "short_name": "MIT License",
                "category": "Permissive",
                "is_exception": false,
                "is_unknown": false,
                "owner": "MIT",
                "homepage_url": "http://opensource.org/licenses/mit-license.php",
                "text_url": "http://opensource.org/licenses/mit-license.php",
                "reference_url": "https://scancode-licensedb.aboutcode.org/mit",
                "scancode_text_url": "https://github.com/nexB/scancode-toolkit/tree/develop/src/licensedcode/data/licenses/mit.LICENSE",
                "scancode_data_url": "https://github.com/nexB/scancode-toolkit/tree/develop/src/licensedcode/data/licenses/mit.yml",
                "spdx_license_key": "MIT",
                "spdx_url": "https://spdx.org/licenses/MIT"
              }
            ]
          }
        ]
      }
    ],
    "extracted_license_statement": ":type = MIT, :file = LICENSE",
    "notice_text": null,
    "source_packages": [],
    "file_references": [],
    "extra_data": {},
    "dependencies": [],
    "repository_homepage_url": "https://cocoapods.org/pods/LoadingShimmer",
    "repository_download_url": "https://github.com/jogendra/LoadingShimmer/archive/refs/tags/1.0.3.zip",
    "api_data_url": "https://raw.githubusercontent.com/CocoaPods/Specs/blob/master/Specs/7/6/8/LoadingShimmer/1.0.3/LoadingShimmer.podspec.json",
    "datasource_id": "cocoapods_podspec",
    "purl": "pkg:pods/LoadingShimmer@1.0.3"
  }
]