[
  {
    "type": "pods",
    "namespace": null,
    "name": "nanopb",
    "version": "1.30905.0",
    "qualifiers": {},
    "subpath": null,
    "primary_language": "Objective-C",
    "description": "Protocol buffers with small code size.\nNanopb is a small code-size Protocol Buffers implementation\n                    in ansi C. It is especially suitable for use in\n                    microcontrollers, but fits any memory restricted system.",
    "release_date": null,
    "parties": [
      {
        "type": "person",
        "role": "author",
        "name": "Petteri Aimonen ",
        "email": "jpa@nanopb.mail.kapsi.fi",
        "url": null
      }
    ],
    "keywords": [],
    "homepage_url": "https://github.com/nanopb/nanopb",
    "download_url": null,
    "size": null,
    "sha1": null,
    "md5": null,
    "sha256": null,
    "sha512": null,
    "bug_tracking_url": "https://github.com/nanopb/nanopb/issues/",
    "code_view_url": "https://github.com/nanopb/nanopb/tree/1.30905.0",
    "vcs_url": "https://github.com/nanopb/nanopb.git",
    "copyright": null,
    "declared_license_expression": "undetected-license",
    "declared_license_expression_spdx": "LicenseRef-scancode-undetected-license",
    "license_detections": [
      {
        "license_expression": "undetected-license",
        "detection_rules": [
          "undetected-license"
        ],
        "matches": [
          {
            "score": 100.0,
            "start_line": 1,
            "end_line": 1,
            "matched_length": 5,
            "match_coverage": 100.0,
            "matcher": "5-undetected",
            "license_expression": "undetected-license",
            "licensedb_identifier": "package-manifest-undetected-license",
            "referenced_filenames": [],
            "is_license_text": false,
            "is_license_notice": false,
            "is_license_reference": false,
            "is_license_tag": true,
            "is_license_intro": false,
            "rule_length": 5,
            "rule_relevance": 100,
            "matched_text": ":type = zlib, :file = LICENSE.txt",
            "licenses": [
              {
                "key": "undetected-license",
                "name": "Undetected License",
                "short_name": "Undetected License",
                "category": "Unstated License",
                "is_exception": false,
                "is_unknown": true,
                "owner": "Unspecified",
                "homepage_url": null,
                "text_url": "",
                "reference_url": "https://scancode-licensedb.aboutcode.org/undetected-license",
                "scancode_text_url": "https://github.com/nexB/scancode-toolkit/tree/develop/src/licensedcode/data/licenses/undetected-license.LICENSE",
                "scancode_data_url": "https://github.com/nexB/scancode-toolkit/tree/develop/src/licensedcode/data/licenses/undetected-license.yml",
                "spdx_license_key": "LicenseRef-scancode-undetected-license",
                "spdx_url": "https://github.com/nexB/scancode-toolkit/tree/develop/src/licensedcode/data/licenses/undetected-license.LICENSE"
              }
            ]
          }
        ]
      }
    ],
    "extracted_license_statement": ":type = zlib, :file = LICENSE.txt",
    "notice_text": null,
    "source_packages": [],
    "file_references": [],
    "extra_data": {},
    "dependencies": [],
    "repository_homepage_url": "https://cocoapods.org/pods/nanopb",
    "repository_download_url": "https://github.com/nanopb/nanopb/archive/refs/tags/1.30905.0.zip",
    "api_data_url": "https://raw.githubusercontent.com/CocoaPods/Specs/blob/master/Specs/6/1/e/nanopb/1.30905.0/nanopb.podspec.json",
    "datasource_id": "cocoapods_podspec",
    "purl": "pkg:pods/nanopb@1.30905.0"
  }
]