[
  {
    "type": "pods",
    "namespace": null,
    "name": "PayTabsSDK",
    "version": "6.1.18",
    "qualifiers": {},
    "subpath": null,
    "primary_language": "Objective-C",
    "description": "PayTabs is an online payment gateway.",
    "release_date": null,
    "parties": [
      {
        "type": "person",
        "role": "author",
        "name": "PayTabs ",
        "email": "m.adly@paytabs.com",
        "url": null
      }
    ],
    "keywords": [],
    "homepage_url": "https://github.com/paytabscom/paytabs-ios-library-sample/tree/master",
    "download_url": null,
    "size": null,
    "sha1": null,
    "md5": null,
    "sha256": null,
    "sha512": null,
    "bug_tracking_url": "https://github.com/paytabscom/paytabs-ios-library-sample/issues/",
    "code_view_url": "https://github.com/paytabscom/paytabs-ios-library-sample/tree/6.1.18",
    "vcs_url": "https://github.com/paytabscom/paytabs-ios-library-sample.git",
    "copyright": null,
    "declared_license_expression": "mit",
    "declared_license_expression_spdx": "MIT",
    "license_detections": [
      {
        "license_expression": "mit",
        "detection_rules": [
          "not-combined"
        ],
        "matches": [
          {
            "score": 100.0,
            "start_line": 1,
            "end_line": 1,
            "matched_length": 1,
            "match_coverage": 100.0,
            "matcher": "1-spdx-id",
            "license_expression": "mit",
            "licensedb_identifier": "spdx-license-identifier: mit",
            "referenced_filenames": [],
            "is_license_text": false,
            "is_license_notice": false,
            "is_license_reference": false,
            "is_license_tag": true,
            "is_license_intro": false,
            "rule_length": 1,
            "rule_relevance": 100,
            "matched_text": "MIT",
            "licenses": [
              {
                "key": "mit",
                "name": "MIT License",
                "short_name": "MIT License",
                "category": "Permissive",
                "is_exception": false,
                "is_unknown": false,
                "owner": "MIT",
                "homepage_url": "http://opensource.org/licenses/mit-license.php",
                "text_url": "http://opensource.org/licenses/mit-license.php",
                "reference_url": "https://scancode-licensedb.aboutcode.org/mit",
                "scancode_text_url": "https://github.com/nexB/scancode-toolkit/tree/develop/src/licensedcode/data/licenses/mit.LICENSE",
                "scancode_data_url": "https://github.com/nexB/scancode-toolkit/tree/develop/src/licensedcode/data/licenses/mit.yml",
                "spdx_license_key": "MIT",
                "spdx_url": "https://spdx.org/licenses/MIT"
              }
            ]
          }
        ]
      }
    ],
    "extracted_license_statement": "MIT",
    "notice_text": null,
    "source_packages": [],
    "file_references": [],
    "extra_data": {},
    "dependencies": [],
    "repository_homepage_url": "https://cocoapods.org/pods/PayTabsSDK",
    "repository_download_url": "https://github.com/paytabscom/paytabs-ios-library-sample/archive/refs/tags/6.1.18.zip",
    "api_data_url": "https://raw.githubusercontent.com/CocoaPods/Specs/blob/master/Specs/b/5/f/PayTabsSDK/6.1.18/PayTabsSDK.podspec.json",
    "datasource_id": "cocoapods_podspec",
    "purl": "pkg:pods/PayTabsSDK@6.1.18"
  }
]