primary_license:
declared_license:
license_expression: gpl-2.0-plus
declared_license_expression_spdx: GPL-2.0-or-later
copyright: |
  Copyright 2003-2010 Alexis Sukrieh
  Copyright 2005 Alexis Sukrieh Debianization
  Copyright 2005-2009 Alexis Sukrieh
  Copyright 2009-2012 Sven Joachim
  Copyright 2011-2012 Georgios M. Zarkadas
license_detections:
  - license_expression: gpl-2.0-plus
    detection_rules:
      - not-combined
    matches:
      - score: '100.0'
        start_line: 20
        end_line: 26
        matched_length: 66
        match_coverage: '100.0'
        matcher: 2-aho
        license_expression: gpl-2.0-plus
        licensedb_identifier: gpl-2.0-plus_842.RULE
        referenced_filenames:
          - /usr/share/common-licenses/GPL-2
        is_license_text: no
        is_license_notice: yes
        is_license_reference: no
        is_license_tag: no
        is_license_intro: no
        rule_length: 66
        rule_relevance: 100
        matched_text: |
          This program is free software; you can redistribute it and/or
          modify it under the terms of the GNU General Public License
          as published by the Free Software Foundation; either version 2
          of the License, or (at your option) any later version.

          On Debian systems, the complete text of the GNU General Public
          License version 2 can be found in `/usr/share/common-licenses/GPL-2`.
        licenses:
          - key: gpl-2.0-plus
            name: GNU General Public License 2.0 or later
            short_name: GPL 2.0 or later
            category: Copyleft
            is_exception: no
            is_unknown: no
            owner: Free Software Foundation (FSF)
            homepage_url: http://www.gnu.org/licenses/old-licenses/gpl-2.0-standalone.html
            text_url: http://www.gnu.org/licenses/old-licenses/gpl-2.0-standalone.html
            reference_url: https://scancode-licensedb.aboutcode.org/gpl-2.0-plus
            scancode_text_url: https://github.com/nexB/scancode-toolkit/tree/develop/src/licensedcode/data/licenses/gpl-2.0-plus.LICENSE
            scancode_data_url: https://github.com/nexB/scancode-toolkit/tree/develop/src/licensedcode/data/licenses/gpl-2.0-plus.yml
            spdx_license_key: GPL-2.0-or-later
            spdx_url: https://spdx.org/licenses/GPL-2.0-or-later
