[
  {
    "type": "composer",
    "namespace": "fake",
    "name": "fake",
    "version": null,
    "qualifiers": {},
    "subpath": null,
    "primary_language": "PHP",
    "description": null,
    "release_date": null,
    "parties": [
      {
        "type": "person",
        "role": "author",
        "name": "Hi",
        "email": null,
        "url": null
      },
      {
        "type": "person",
        "role": "vendor",
        "name": "fake",
        "email": null,
        "url": null
      }
    ],
    "keywords": [],
    "homepage_url": "http://github.com/fake/fake",
    "download_url": null,
    "size": null,
    "sha1": null,
    "md5": null,
    "sha256": null,
    "sha512": null,
    "bug_tracking_url": null,
    "code_view_url": null,
    "vcs_url": null,
    "copyright": null,
    "declared_license_expression": "lgpl-2.1 AND gpl-3.0-plus",
    "declared_license_expression_spdx": "LGPL-2.1-only AND GPL-3.0-or-later",
    "license_detections": [
      {
        "license_expression": "lgpl-2.1",
        "detection_rules": [
          "not-combined"
        ],
        "matches": [
          {
            "score": 50.0,
            "start_line": 1,
            "end_line": 1,
            "matched_length": 4,
            "match_coverage": 100.0,
            "matcher": "1-hash",
            "license_expression": "lgpl-2.1",
            "licensedb_identifier": "spdx_license_id_lgpl-2.1-only_for_lgpl-2.1.RULE",
            "referenced_filenames": [],
            "is_license_text": false,
            "is_license_notice": false,
            "is_license_reference": true,
            "is_license_tag": false,
            "is_license_intro": false,
            "rule_length": 4,
            "rule_relevance": 50,
            "matched_text": "LGPL-2.1-only",
            "licenses": [
              {
                "key": "lgpl-2.1",
                "name": "GNU Lesser General Public License 2.1",
                "short_name": "LGPL 2.1",
                "category": "Copyleft Limited",
                "is_exception": false,
                "is_unknown": false,
                "owner": "Free Software Foundation (FSF)",
                "homepage_url": "http://www.gnu.org/licenses/lgpl-2.1.html",
                "text_url": "http://www.gnu.org/licenses/lgpl-2.1.txt",
                "reference_url": "https://scancode-licensedb.aboutcode.org/lgpl-2.1",
                "scancode_text_url": "https://github.com/nexB/scancode-toolkit/tree/develop/src/licensedcode/data/licenses/lgpl-2.1.LICENSE",
                "scancode_data_url": "https://github.com/nexB/scancode-toolkit/tree/develop/src/licensedcode/data/licenses/lgpl-2.1.yml",
                "spdx_license_key": "LGPL-2.1-only",
                "spdx_url": "https://spdx.org/licenses/LGPL-2.1-only"
              }
            ]
          }
        ]
      },
      {
        "license_expression": "gpl-3.0-plus",
        "detection_rules": [
          "not-combined"
        ],
        "matches": [
          {
            "score": 50.0,
            "start_line": 1,
            "end_line": 1,
            "matched_length": 5,
            "match_coverage": 100.0,
            "matcher": "1-hash",
            "license_expression": "gpl-3.0-plus",
            "licensedb_identifier": "spdx_license_id_gpl-3.0-or-later_for_gpl-3.0-plus.RULE",
            "referenced_filenames": [],
            "is_license_text": false,
            "is_license_notice": false,
            "is_license_reference": true,
            "is_license_tag": false,
            "is_license_intro": false,
            "rule_length": 5,
            "rule_relevance": 50,
            "matched_text": "GPL-3.0-or-later",
            "licenses": [
              {
                "key": "gpl-3.0-plus",
                "name": "GNU General Public License 3.0 or later",
                "short_name": "GPL 3.0 or later",
                "category": "Copyleft",
                "is_exception": false,
                "is_unknown": false,
                "owner": "Free Software Foundation (FSF)",
                "homepage_url": "http://www.gnu.org/licenses/gpl-3.0-standalone.html",
                "text_url": "http://www.gnu.org/licenses/gpl-3.0-standalone.html",
                "reference_url": "https://scancode-licensedb.aboutcode.org/gpl-3.0-plus",
                "scancode_text_url": "https://github.com/nexB/scancode-toolkit/tree/develop/src/licensedcode/data/licenses/gpl-3.0-plus.LICENSE",
                "scancode_data_url": "https://github.com/nexB/scancode-toolkit/tree/develop/src/licensedcode/data/licenses/gpl-3.0-plus.yml",
                "spdx_license_key": "GPL-3.0-or-later",
                "spdx_url": "https://spdx.org/licenses/GPL-3.0-or-later"
              }
            ]
          }
        ]
      }
    ],
    "extracted_license_statement": "['LGPL-2.1-only', 'GPL-3.0-or-later']",
    "notice_text": null,
    "source_packages": [],
    "file_references": [],
    "extra_data": {},
    "dependencies": [
      {
        "purl": "pkg:composer/php",
        "extracted_requirement": ">=5.6.0",
        "scope": "require",
        "is_runtime": true,
        "is_optional": false,
        "is_resolved": false,
        "resolved_package": {}
      },
      {
        "purl": "pkg:composer/phpunit/phpunit",
        "extracted_requirement": "^5.6",
        "scope": "require-dev",
        "is_runtime": false,
        "is_optional": true,
        "is_resolved": false,
        "resolved_package": {}
      },
      {
        "purl": "pkg:composer/squizlabs/php_codesniffer",
        "extracted_requirement": "^2.7",
        "scope": "require-dev",
        "is_runtime": false,
        "is_optional": true,
        "is_resolved": false,
        "resolved_package": {}
      }
    ],
    "repository_homepage_url": "https://packagist.org/packages/fake/fake",
    "repository_download_url": null,
    "api_data_url": "https://packagist.org/p/packages/fake/fake.json",
    "datasource_id": "php_composer_json",
    "purl": "pkg:composer/fake/fake"
  }
]