primary_license:
declared_license:
license_expression: mit-old-style-no-advert
declared_license_expression_spdx: NTP
copyright: Copyright 1987, 1988 by the Student Information Processing Board of the Massachusetts
  Institute of Technology
license_detections:
  - license_expression: mit-old-style-no-advert
    detection_rules:
      - not-combined
    matches:
      - score: '100.0'
        start_line: 15
        end_line: 25
        matched_length: 112
        match_coverage: '100.0'
        matcher: 2-aho
        license_expression: mit-old-style-no-advert
        licensedb_identifier: mit-old-style-no-advert_5.RULE
        referenced_filenames: []
        is_license_text: yes
        is_license_notice: no
        is_license_reference: no
        is_license_tag: no
        is_license_intro: no
        rule_length: 112
        rule_relevance: 100
        matched_text: |
          Permission to use, copy, modify, and distribute this software
          and its documentation for any purpose and without fee is
          hereby granted, provided that the above copyright notice
          appear in all copies and that both that copyright notice and
          this permission notice appear in supporting documentation,
          and that the names of M.I.T. and the M.I.T. S.I.P.B. not be
          used in advertising or publicity pertaining to distribution
          of the software without specific, written prior permission.
          M.I.T. and the M.I.T. S.I.P.B. make no representations about
          the suitability of this software for any purpose.  It is
          provided "as is" without express or implied warranty.
        licenses:
          - key: mit-old-style-no-advert
            name: MIT Old Style no advertising
            short_name: MIT Old Style no advertising
            category: Permissive
            is_exception: no
            is_unknown: no
            owner: MIT
            homepage_url: http://fedoraproject.org/wiki/Licensing:MIT#Old_Style_.28no_advertising_without_permission.29
            text_url:
            reference_url: https://scancode-licensedb.aboutcode.org/mit-old-style-no-advert
            scancode_text_url: https://github.com/nexB/scancode-toolkit/tree/develop/src/licensedcode/data/licenses/mit-old-style-no-advert.LICENSE
            scancode_data_url: https://github.com/nexB/scancode-toolkit/tree/develop/src/licensedcode/data/licenses/mit-old-style-no-advert.yml
            spdx_license_key: NTP
            spdx_url: https://spdx.org/licenses/NTP
