[
  {
    "type": "npm",
    "namespace": null,
    "name": "lodash.clonedeep",
    "version": "4.3.2",
    "qualifiers": {},
    "subpath": null,
    "primary_language": "JavaScript",
    "description": "The lodash method `_.cloneDeep` exported as a module.",
    "release_date": null,
    "parties": [
      {
        "type": "person",
        "role": "author",
        "name": "John-David Dalton",
        "email": "john.david.dalton@gmail.com",
        "url": "http://allyoucanleet.com/"
      },
      {
        "type": "person",
        "role": "contributor",
        "name": "John-David Dalton",
        "email": "john.david.dalton@gmail.com",
        "url": "http://allyoucanleet.com/"
      },
      {
        "type": "person",
        "role": "contributor",
        "name": "Blaine Bublitz",
        "email": "blaine.bublitz@gmail.com",
        "url": "https://github.com/phated"
      },
      {
        "type": "person",
        "role": "contributor",
        "name": "Mathias Bynens",
        "email": "mathias@qiwi.be",
        "url": "https://mathiasbynens.be/"
      }
    ],
    "keywords": [
      "lodash-modularized",
      "clonedeep"
    ],
    "homepage_url": "https://lodash.com/",
    "download_url": "https://registry.npmjs.org/lodash.clonedeep/-/lodash.clonedeep-4.3.2.tgz",
    "size": null,
    "sha1": null,
    "md5": null,
    "sha256": null,
    "sha512": null,
    "bug_tracking_url": null,
    "code_view_url": null,
    "vcs_url": "https://github.com/lodash/lodash",
    "copyright": null,
    "declared_license_expression": "mit",
    "declared_license_expression_spdx": "MIT",
    "license_detections": [
      {
        "license_expression": "mit",
        "detection_rules": [
          "not-combined"
        ],
        "matches": [
          {
            "score": 100.0,
            "start_line": 1,
            "end_line": 1,
            "matched_length": 1,
            "match_coverage": 100.0,
            "matcher": "1-spdx-id",
            "license_expression": "mit",
            "licensedb_identifier": "spdx-license-identifier: mit",
            "referenced_filenames": [],
            "is_license_text": false,
            "is_license_notice": false,
            "is_license_reference": false,
            "is_license_tag": true,
            "is_license_intro": false,
            "rule_length": 1,
            "rule_relevance": 100,
            "matched_text": "MIT",
            "licenses": [
              {
                "key": "mit",
                "name": "MIT License",
                "short_name": "MIT License",
                "category": "Permissive",
                "is_exception": false,
                "is_unknown": false,
                "owner": "MIT",
                "homepage_url": "http://opensource.org/licenses/mit-license.php",
                "text_url": "http://opensource.org/licenses/mit-license.php",
                "reference_url": "https://scancode-licensedb.aboutcode.org/mit",
                "scancode_text_url": "https://github.com/nexB/scancode-toolkit/tree/develop/src/licensedcode/data/licenses/mit.LICENSE",
                "scancode_data_url": "https://github.com/nexB/scancode-toolkit/tree/develop/src/licensedcode/data/licenses/mit.yml",
                "spdx_license_key": "MIT",
                "spdx_url": "https://spdx.org/licenses/MIT"
              }
            ]
          }
        ]
      }
    ],
    "extracted_license_statement": "['MIT']",
    "notice_text": null,
    "source_packages": [],
    "file_references": [],
    "extra_data": {},
    "dependencies": [
      {
        "purl": "pkg:npm/lodash._baseclone",
        "extracted_requirement": "~4.5.0",
        "scope": "dependencies",
        "is_runtime": true,
        "is_optional": false,
        "is_resolved": false,
        "resolved_package": {}
      }
    ],
    "repository_homepage_url": "https://www.npmjs.com/package/lodash.clonedeep",
    "repository_download_url": "https://registry.npmjs.org/lodash.clonedeep/-/lodash.clonedeep-4.3.2.tgz",
    "api_data_url": "https://registry.npmjs.org/lodash.clonedeep/4.3.2",
    "datasource_id": "npm_package_json",
    "purl": "pkg:npm/lodash.clonedeep@4.3.2"
  }
]