primary_license:
declared_license:
license_expression: public-domain
declared_license_expression_spdx: LicenseRef-scancode-public-domain
copyright:
license_detections:
  - license_expression: public-domain
    detection_rules:
      - not-combined
    matches:
      - score: '100.0'
        start_line: 9
        end_line: 9
        matched_length: 5
        match_coverage: '100.0'
        matcher: 2-aho
        license_expression: public-domain
        licensedb_identifier: public-domain_285.RULE
        referenced_filenames: []
        is_license_text: yes
        is_license_notice: no
        is_license_reference: no
        is_license_tag: no
        is_license_intro: no
        rule_length: 5
        rule_relevance: 100
        matched_text: 'Copyright: This database is in the public domain.'
        licenses:
          - key: public-domain
            name: Public Domain
            short_name: Public Domain
            category: Public Domain
            is_exception: no
            is_unknown: no
            owner: Unspecified
            homepage_url: http://www.linfo.org/publicdomain.html
            text_url:
            reference_url: https://scancode-licensedb.aboutcode.org/public-domain
            scancode_text_url: https://github.com/nexB/scancode-toolkit/tree/develop/src/licensedcode/data/licenses/public-domain.LICENSE
            scancode_data_url: https://github.com/nexB/scancode-toolkit/tree/develop/src/licensedcode/data/licenses/public-domain.yml
            spdx_license_key: LicenseRef-scancode-public-domain
            spdx_url: https://github.com/nexB/scancode-toolkit/tree/develop/src/licensedcode/data/licenses/public-domain.LICENSE
